PS C:\Android\emulator> ./emulator -avd Pixel_4 -verbose
INFO         | Android emulator version 36.1.9.0 (build_id 13823996) (CL:N/A)
INFO         | Graphics backend: gfxstream
DEBUG   | Current emulator version 36.1.9 is the same as the required version 36.1.9.
INFO         | Found AVD name 'Pixel_4'
INFO         | Found AVD target architecture: x86_64
INFO         | argv[0]: 'C:\Android\emulator\emulator.exe'; program directory: 'C:\Android\emulator'
INFO         | Found systemPath C:\Android\system-images\android-36\google_apis_playstore\x86_64\
INFO         | emuDirName: 'C:\Android\emulator'
INFO         | try dir C:\Android\emulator
INFO         | Trying emulator path 'C:\Android\emulator\qemu\windows-x86_64\qemu-system-x86_64.exe'
INFO         | Found target-specific 64-bit emulator binary: C:\Android\emulator\qemu\windows-x86_64\qemu-system-x86_64.exe
INFO         | Adding library search path: 'C:\Android\emulator\lib64'
INFO         | Adding library search path: 'C:\Android\emulator\lib64\gles_swiftshader'
INFO         | Adding library search path: 'C:\Android\emulator\lib64\vulkan'
INFO         | Quoted param: [C:\Android\emulator\qemu\windows-x86_64\qemu-system-x86_64.exe]
INFO         | Quoted param: [-avd]
INFO         | Quoted param: [Pixel_4]
INFO         | Quoted param: [-verbose]
DEBUG   | emulator: Running :C:\Android\emulator\qemu\windows-x86_64\qemu-system-x86_64.exe
DEBUG   | qemu backend: argv[00] = "C:\Android\emulator\qemu\windows-x86_64\qemu-system-x86_64.exe"
DEBUG   | qemu backend: argv[01] = "-avd"
DEBUG   | qemu backend: argv[02] = "Pixel_4"
DEBUG   | qemu backend: argv[03] = "-verbose"
DEBUG   | Concatenated backend parameters:  C:\Android\emulator\qemu\windows-x86_64\qemu-system-x86_64.exe -avd Pixel_4 -verbose
DEBUG   | autoconfig: -skin pixel_4
DEBUG   | autoconfig: -skindir C:\Android\skins\
WARNING      | Please update the emulator to one that supports the feature(s): VulkanVirtualQueue
DEBUG   | autoconfig: -kernel C:\Android\system-images\android-36\google_apis_playstore\x86_64\\kernel-ranchu
DEBUG   | Target arch = 'x86_64'
DEBUG   | Auto-detect: Kernel image requires new device naming scheme.
DEBUG   | Auto-detect: Kernel does not support YAFFS2 partitions.
DEBUG   | autoconfig: -ramdisk C:\Android\system-images\android-36\google_apis_playstore\x86_64\\ramdisk.img
DEBUG   | Using initial system image: C:\Android\system-images\android-36\google_apis_playstore\x86_64\\system.img
DEBUG   | Using initial vendor image: C:\Android\system-images\android-36\google_apis_playstore\x86_64\\vendor.img
DEBUG   | autoconfig: -initdata (null)
DEBUG   | autoconfig: -cache C:\Users\Usu├írio\.android\avd\..\avd\Pixel_4.avd\cache.img
DEBUG   | autoconfig: -sdcard C:\Users\Usu├írio\.android\avd\..\avd\Pixel_4.avd\sdcard.img
DEBUG   | Physical RAM size: 2048MB
DEBUG   | VM heap size 256MB is below hardware specified minimum of 512MB,setting it to that value
DEBUG   | System image is read only
INFO         | IPv4 server found: 1.1.1.1
INFO         | Ignore IPv6 address: d896:6890:5f01:0:7091:6890:5f01:0
INFO         | Ignore IPv6 address: d896:6890:5f01:0:7091:6890:5f01:0
INFO         | Ignore IPv6 address: d896:6890:5f01:0:7091:6890:5f01:0
INFO         | Ignore IPv6 address: b09e:6890:5f01:0:7091:6890:5f01:0
INFO         | Ignore IPv6 address: b09e:6890:5f01:0:7091:6890:5f01:0
INFO         | Ignore IPv6 address: b09e:6890:5f01:0:7091:6890:5f01:0
INFO         | Ignore IPv6 address: e0a6:6890:5f01:0:7091:6890:5f01:0
INFO         | Ignore IPv6 address: e0a6:6890:5f01:0:7091:6890:5f01:0
INFO         | Ignore IPv6 address: e0a6:6890:5f01:0:7091:6890:5f01:0
INFO         | Ignore IPv6 address: e8ac:6890:5f01:0:7091:6890:5f01:0
INFO         | Ignore IPv6 address: e8ac:6890:5f01:0:7091:6890:5f01:0
INFO         | Ignore IPv6 address: e8ac:6890:5f01:0:7091:6890:5f01:0
INFO         | Ignore IPv6 address: f0b2:6890:5f01:0:7091:6890:5f01:0
INFO         | Ignore IPv6 address: 68bd:6890:5f01:0:7091:6890:5f01:0
INFO         | Ignore IPv6 address: 68bd:6890:5f01:0:7091:6890:5f01:0
INFO         | Ignore IPv6 address: 68bd:6890:5f01:0:7091:6890:5f01:0
INFO         | Ignore IPv6 address: 80c3:6890:5f01:0:7091:6890:5f01:0
INFO         | Ignore IPv6 address: 80c3:6890:5f01:0:7091:6890:5f01:0
INFO         | Ignore IPv6 address: 80c3:6890:5f01:0:7091:6890:5f01:0
DEBUG   | Found 1 DNS servers:
DEBUG   |       1.1.1.1
WARNING      | (metrics) failed to open a new log file
INFO         | Guest GLES Driver: Auto (ext controls)
library_mode host gpu mode host
DEBUG   | emuglConfig_get_vulkan_runtime_full_path: Checking for vulkan-1.dll versions
DEBUG   | querying file version info API...
DEBUG   | found kernelbase.dll
DEBUG   | GetFileVersionInfoSizeW found. On Windows 10?
DEBUG   | GetFileVersionInfoW found. On Windows 10?
DEBUG   | VerQueryValueW found. Can query file versions
DEBUG   | querying file version info API...
DEBUG   | vulkan-1.dll version: 1.3.300.0
DEBUG   | C:\Android\emulator\lib64\vulkan\vulkan-1.dll version: 5.0.0.1
DEBUG   | emuglConfig_get_vulkan_runtime_full_path: Using vulkan runtime path: vulkan-1.dll
DEBUG   | emuglConfig_get_vulkan_hardware_gpu_support_info: Successfully created vulkan instance

DEBUG   | emuglConfig_get_vulkan_hardware_gpu_support_info: Physical devices count is 1

INFO         | emuglConfig_get_vulkan_hardware_gpu_support_info: Found physical GPU 'Intel(R) UHD Graphics 620', type: VK_PHYSICAL_DEVICE_TYPE_INTEGRATED_GPU, apiVersion: 1.3.215, driverVersion: 0.404.2135

DEBUG   | Checking whether Windows Hypervisor Platform (WHPX) is available.
DEBUG   | WinHvPlatform.dll found. Looking for WHvGetCapability...
DEBUG   | WHvGetCapability found. Querying WHPX capabilities...
DEBUG   | WHPX (10.0.26200) is installed and usable.
INFO         | GPU device local memory = 8099MB
WARNING      | Your GPU 'Intel(R) UHD Graphics 620' has driver version 1.3.215, and cannot support Vulkan properly. Please try updating your GPU Drivers.
DEBUG   | GPU emulation enabled using 'host' mode
INFO         | Checking system compatibility:
INFO         |   Checking: hasCompatibleHypervisor
INFO         |      Ok: Hypervisor compatibility to run avd: `Pixel_4` are met
INFO         |   Checking: hasSufficientSystem
INFO         |      Ok: System requirements to run avd: `Pixel_4` are met
INFO         |   Checking: hasSufficientHwGpu
INFO         |      Ok: Hardware GPU requirements to run avd: `Pixel_4` are passed
INFO         |   Checking: hasSufficientDiskSpace
INFO         |      Ok: Disk space requirements to run avd: `Pixel_4` are met
DEBUG   | Starting hostapd main loop.
DEBUG   | trying to load skin file 'C:\Android\skins\\pixel_4\layout'
WARNING      | Failed to process .ini file C:\Users\Usu├írio\.android\avd\..\avd\Pixel_4.avd\quickbootChoice.ini for reading.
DEBUG   | Creating ext4 userdata partition: C:\Users\Usu├írio\.android\avd\..\avd\Pixel_4.avd\data
Creating filesystem with parameters:
    Size: 6442450944
    Block size: 4096
    Blocks per group: 32768
    Inodes per group: 8192
    Inode size: 256
    Journal blocks: 24576
    Label:
    Blocks: 1572864
    Block groups: 48
    Reserved block group size: 383
Created filesystem with 11/393216 inodes and 52331/1572864 blocks
DEBUG   | C:\Users\Usu├írio\.android\avd\..\avd\Pixel_4.avd\userdata-qemu.img.tmp.qcow2 is not qcow2

DEBUG   | Creating empty ext4 cache partition: C:\Users\Usu├írio\.android\avd\..\avd\Pixel_4.avd\cache.img
Creating filesystem with parameters:
    Size: 69206016
    Block size: 4096
    Blocks per group: 32768
    Inodes per group: 4224
    Inode size: 256
    Journal blocks: 1024
    Label:
    Blocks: 16896
    Block groups: 1
    Reserved block group size: 7
Created filesystem with 11/4224 inodes and 1302/16896 blocks
DEBUG   | CPU Acceleration: working
DEBUG   | CPU Acceleration status: WHPX(10.0.26200) is installed and usable.
DEBUG   | handleCpuAcceleration: feature check for hvf
DEBUG   | Uwb feature is enabled
DEBUG   | Bluetooth requested by guest
DEBUG   | started modem simulator host server at port: 51327
INFO         | Critical: Failed to load opengl32sw (N├úo foi poss├¡vel encontrar o m├│dulo especificado.) (:0, )
INFO         | Warning: Software OpenGL failed. Falling back to system OpenGL. (:0, )
INFO         | Warning: QMetaObject::connectSlotsByName: No matching signal for on_btn_xr_environment_living_room_day_clicked() (:0, )
INFO         | Warning: QMetaObject::connectSlotsByName: No matching signal for on_btn_xr_environment_living_room_night_clicked() (:0, )
INFO         | Warning: QMetaObject::connectSlotsByName: No matching signal for on_new_posture_requested(int) (:0, )
INFO         | Warning: QMetaObject::connectSlotsByName: No matching signal for on_dismiss_posture_selection_dialog() (:0, )
INFO         | Warning: QMetaObject::connectSlotsByName: No matching signal for on_new_resizable_requested(PresetEmulatorSizeType) (:0, )
INFO         | Warning: QMetaObject::connectSlotsByName: No matching signal for on_dismiss_resizable_dialog() (:0, )
INFO         | Warning: QMetaObject::connectSlotsByName: No matching signal for on_xr_environment_mode_changed(int) (:0, )
INFO         | Warning: QMetaObject::connectSlotsByName: No matching signal for on_dismiss_xr_environment_mode_dialog() (:0, )
INFO         | Warning: QMetaObject::connectSlotsByName: No matching signal for on_xr_input_mode_changed(int) (:0, )
INFO         | Warning: QMetaObject::connectSlotsByName: No matching signal for on_dismiss_xr_input_mode_dialog() (:0, )
INFO         | Warning: QMetaObject::connectSlotsByName: No matching signal for on_sleep_timer_done() (:0, )
INFO         | Warning: QMetaObject::connectSlotsByName: No matching signal for on_unfold_timer_done() (:0, )
INFO         | Storing crashdata in: C:\Users\USURIO~1\AppData\Local\Temp\\AndroidEmulator\emu-crash-36.1.9.db, detection is enabled for process: 14332
INFO         | Crash reports will be automatically uploaded to: https://clients2.google.com/cr/report
INFO         | Initializing hardware OpenGLES emulation support
I1018 18:06:52.585541    3296 opengles.cpp:291] android_startOpenglesRenderer: gpu info
I1018 18:06:52.585735    3296 opengles.cpp:292] GPU #1
  Make: 8086
  Model: Intel(R) UHD Graphics 620
  Device ID: 3ea0

DEBUG   | RenderWindow: CMD_INITIALIZE w=1080 h=2280
DEBUG   | FrameBuffer::initialize()
DEBUG   | FrameBuffer::Impl::initialize
INFO         | HealthMonitor disabled.
DEBUG   | create display 0
DEBUG   | setDisplayPose 0 x 0 y 0 w 1080 h 2280 dpi 0
DEBUG   | WinEngine: Trying to load opengl32.dll

INFO         | SharedLibrary::open for [opengl32.dll]: not found in map, open for the first time
INFO         | SharedLibrary::open for [opengl32.dll] (win32): call LoadLibrary
INFO         | SharedLibrary::open succeeded for [opengl32.dll]. File name: [C:\WINDOWS\SYSTEM32\opengl32.DLL]
DEBUG   | WinEngine: Library loaded at 0000015F96881730

DEBUG   | WinEngine: Dispatch initialized

DEBUG   | call eglInitialize
INFO         | SharedLibrary::open for [libshadertranslator.dll]: not found in map, open for the first time
INFO         | SharedLibrary::open for [libshadertranslator.dll] (win32): call LoadLibrary
INFO         | SharedLibrary::open succeeded for [libshadertranslator.dll]. File name: [C:\Android\emulator\lib64\libshadertranslator.dll]
DEBUG   | glvk interop final: 0
DEBUG   | Performing composition using CompositorGl.
INFO         | Graphics Adapter Vendor Google (Intel)
INFO         | Graphics Adapter Android Emulator OpenGL ES Translator (Intel(R) UHD Graphics 620)
INFO         | Graphics API Version OpenGL ES 3.0 (4.5.0 - Build 31.0.101.2135)
INFO         | Graphics API Extensions GL_OES_EGL_sync GL_OES_EGL_image GL_OES_EGL_image_external GL_OES_depth24 GL_OES_depth32 GL_OES_element_index_uint GL_OES_texture_float GL_OES_texture_float_linear GL_OES_compressed_paletted_texture GL_OES_compressed_ETC1_RGB8_texture GL_OES_depth_texture GL_OES_texture_half_float GL_OES_texture_half_float_linear GL_OES_packed_depth_stencil GL_OES_vertex_half_float GL_OES_texture_npot GL_OES_rgb8_rgba8 GL_EXT_color_buffer_float GL_EXT_color_buffer_half_float GL_EXT_texture_format_BGRA8888 GL_APPLE_texture_format_BGRA8888
INFO         | Graphics Device Extensions N/A
DEBUG   | OpenGL renderer initialized successfully
INFO         | Setting vsync to 60 hz
DEBUG   | CMD_SET_VSYNC_HZ
DEBUG   | Exited a loader RenderThread @0000015F9B685A60
INFO         | Sending adb public key [QAAAAIMtfA3VtvENn/g9wgNVdRdFqpjb+BRcf7qZuZ0H2YwXN33twJLBe82FsdghsuzB3W+fHBZayOZyvA6egAbPCm3sS52bRp8AaaQkT7uvbCKT1g7/9cIGLR78tPlC8a6PvOAXeveu0ir7r+xquQKTRfUvg9/WDMhK3I+xJtf9X+I1hc2rTD9/XpE55/lhtUO1mP9wC5UuObkd11+d05SQIxAnXsLPJls1DQHZG0DmjgLnicotCLEqzzIiIOqBIyKrJjYMOEmrWRGqlPZUS2/ahDlLC/YuuGnUCoPAKrO4NZw/7p+FMuS7a+YsKZyAQw1nnix9mnVjsCv7DXb32WjMVL8uJFPSFHqd4Ewrz+ANjGgKB4HeqSLVihuSUIU+lNBIjbkH0of8C50X5uSv32hfuXdXgSbTbqlM4GjsLAe6K8C89dSeuhE/qKNdutklCX7pscraGjfodZvEtEpZ7BkCcYokn2De2TOBDSPCD5MuXiemp1lt/pQaPIF5CHOxv43AisC8Hpif2VIGOdyp+p2nt6L8JhQJFZfsUPgS7W6r90AJe1lLux6xpYsyuayd7hfBkHFxhoc8Gnd1ROhdjIznCVoRCPsBuJfk/1gemz8cUFGX6HcSfTe7LX804N8PW06XJvOlQMQXgY+inwdFvY6vZz0UZ/FPByN9cqNNtBy/mx+hwKiRmwEAAQA= @unknown]
I1018 18:06:52.866862    3296 userspace-boot-properties.cpp:766] Userspace boot properties:
I1018 18:06:52.867037    3296 userspace-boot-properties.cpp:770]   androidboot.boot_devices=pci0000:00/0000:00:03.0 pci0000:00/0000:00:06.0
I1018 18:06:52.867194    3296 userspace-boot-properties.cpp:770]   androidboot.dalvik.vm.heapsize=512m
I1018 18:06:52.867348    3296 userspace-boot-properties.cpp:770]   androidboot.debug.hwui.renderer=skiagl
I1018 18:06:52.867495    3296 userspace-boot-properties.cpp:770]   androidboot.hardware=ranchu
I1018 18:06:52.867652    3296 userspace-boot-properties.cpp:770]   androidboot.hardware.gltransport=pipe
I1018 18:06:52.867800    3296 userspace-boot-properties.cpp:770]   androidboot.logcat=*:V
I1018 18:06:52.867963    3296 userspace-boot-properties.cpp:770]   androidboot.opengles.version=196609
I1018 18:06:52.868193    3296 userspace-boot-properties.cpp:770]   androidboot.qemu=1
I1018 18:06:52.868363    3296 userspace-boot-properties.cpp:770]   androidboot.qemu.adb.pubkey=QAAAAIMtfA3VtvENn/g9wgNVdRdFqpjb+BRcf7qZuZ0H2YwXN33twJLBe82FsdghsuzB3W+fHBZayOZyvA6egAbPCm3sS52bRp8AaaQkT7uvbCKT1g7/9cIGLR78tPlC8a6PvOAXeveu0ir7r+xquQKTRfUvg9/WDMhK3I+xJtf9X+I1hc2rTD9/XpE55/lhtUO1mP9wC5UuObkd11+d05SQIxAnXsLPJls1DQHZG0DmjgLnicotCLEqzzIiIOqBIyKrJjYMOEmrWRGqlPZUS2/ahDlLC/YuuGnUCoPAKrO4NZw/7p+FMuS7a+YsKZyAQw1nnix9mnVjsCv7DXb32WjMVL8uJFPSFHqd4Ewrz+ANjGgKB4HeqSLVihuSUIU+lNBIjbkH0of8C50X5uSv32hfuXdXgSbTbqlM4GjsLAe6K8C89dSeuhE/qKNdutklCX7pscraGjfodZvEtEpZ7BkCcYokn2De2TOBDSPCD5MuXiemp1lt/pQaPIF5CHOxv43AisC8Hpif2VIGOdyp+p2nt6L8JhQJFZfsUPgS7W6r90AJe1lLux6xpYsyuayd7hfBkHFxhoc8Gnd1ROhdjIznCVoRCPsBuJfk/1gemz8cUFGX6HcSfTe7LX804N8PW06XJvOlQMQXgY+inwdFvY6vZz0UZ/FPByN9cqNNtBy/mx+hwKiRmwEAAQA= @unknown
I1018 18:06:52.868798    3296 userspace-boot-properties.cpp:770]   androidboot.qemu.avd_name=Pixel_4
I1018 18:06:52.869290    3296 userspace-boot-properties.cpp:770]   androidboot.qemu.camera_hq_edge_processing=0
I1018 18:06:52.869448    3296 userspace-boot-properties.cpp:770]   androidboot.qemu.camera_protocol_ver=1
I1018 18:06:52.869628    3296 userspace-boot-properties.cpp:770]   androidboot.qemu.cpuvulkan.version=4202496
I1018 18:06:52.869831    3296 userspace-boot-properties.cpp:770]   androidboot.qemu.gltransport.drawFlushInterval=800
I1018 18:06:52.869999    3296 userspace-boot-properties.cpp:770]   androidboot.qemu.gltransport.name=pipe
I1018 18:06:52.870155    3296 userspace-boot-properties.cpp:770]   androidboot.qemu.hwcodec.avcdec=2
I1018 18:06:52.870313    3296 userspace-boot-properties.cpp:770]   androidboot.qemu.hwcodec.hevcdec=2
I1018 18:06:52.870480    3296 userspace-boot-properties.cpp:770]   androidboot.qemu.hwcodec.vpxdec=2
I1018 18:06:52.870654    3296 userspace-boot-properties.cpp:770]   androidboot.qemu.settings.system.screen_off_timeout=2147483647
I1018 18:06:52.870830    3296 userspace-boot-properties.cpp:770]   androidboot.qemu.virtiowifi=1
I1018 18:06:52.870997    3296 userspace-boot-properties.cpp:770]   androidboot.qemu.vsync=60
I1018 18:06:52.871163    3296 userspace-boot-properties.cpp:770]   androidboot.serialno=EMULATOR36X1X9X0
I1018 18:06:52.871340    3296 userspace-boot-properties.cpp:770]   androidboot.vbmeta.digest=43d61dbc053c8dbf3adaff951e5bdfcf174ece9dd24ffe8e6120f951cb412b2a
I1018 18:06:52.871505    3296 userspace-boot-properties.cpp:770]   androidboot.vbmeta.hash_alg=sha256
I1018 18:06:52.871687    3296 userspace-boot-properties.cpp:770]   androidboot.vbmeta.size=6784
I1018 18:06:52.871853    3296 userspace-boot-properties.cpp:770]   androidboot.veritymode=enforcing
INFO         | Android bootconfig:
INFO         |   androidboot.boot_devices="pci0000:00/0000:00:03.0 pci0000:00/0000:00:06.0"
INFO         |   androidboot.dalvik.vm.heapsize="512m"
INFO         |   androidboot.debug.hwui.renderer="skiagl"
INFO         |   androidboot.hardware="ranchu"
INFO         |   androidboot.hardware.gltransport="pipe"
INFO         |   androidboot.logcat="*:V"
INFO         |   androidboot.opengles.version="196609"
INFO         |   androidboot.qemu="1"
INFO         |   androidboot.qemu.adb.pubkey="QAAAAIMtfA3VtvENn/g9wgNVdRdFqpjb+BRcf7qZuZ0H2YwXN33twJLBe82FsdghsuzB3W+fHBZayOZyvA6egAbPCm3sS52bRp8AaaQkT7uvbCKT1g7/9cIGLR78tPlC8a6PvOAXeveu0ir7r+xquQKTRfUvg9/WDMhK3I+xJtf9X+I1hc2rTD9/XpE55/lhtUO1mP9wC5UuObkd11+d05SQIxAnXsLPJls1DQHZG0DmjgLnicotCLEqzzIiIOqBIyKrJjYMOEmrWRGqlPZUS2/ahDlLC/YuuGnUCoPAKrO4NZw/7p+FMuS7a+YsKZyAQw1nnix9mnVjsCv7DXb32WjMVL8uJFPSFHqd4Ewrz+ANjGgKB4HeqSLVihuSUIU+lNBIjbkH0of8C50X5uSv32hfuXdXgSbTbqlM4GjsLAe6K8C89dSeuhE/qKNdutklCX7pscraGjfodZvEtEpZ7BkCcYokn2De2TOBDSPCD5MuXiemp1lt/pQaPIF5CHOxv43AisC8Hpif2VIGOdyp+p2nt6L8JhQJFZfsUPgS7W6r90AJe1lLux6xpYsyuayd7hfBkHFxhoc8Gnd1ROhdjIznCVoRCPsBuJfk/1gemz8cUFGX6HcSfTe7LX804N8PW06XJvOlQMQXgY+inwdFvY6vZz0UZ/FPByN9cqNNtBy/mx+hwKiRmwEAAQA= @unknown"
INFO         |   androidboot.qemu.avd_name="Pixel_4"
INFO         |   androidboot.qemu.camera_hq_edge_processing="0"
INFO         |   androidboot.qemu.camera_protocol_ver="1"
INFO         |   androidboot.qemu.cpuvulkan.version="4202496"
INFO         |   androidboot.qemu.gltransport.drawFlushInterval="800"
INFO         |   androidboot.qemu.gltransport.name="pipe"
INFO         |   androidboot.qemu.hwcodec.avcdec="2"
INFO         |   androidboot.qemu.hwcodec.hevcdec="2"
INFO         |   androidboot.qemu.hwcodec.vpxdec="2"
INFO         |   androidboot.qemu.settings.system.screen_off_timeout="2147483647"
INFO         |   androidboot.qemu.virtiowifi="1"
INFO         |   androidboot.qemu.vsync="60"
INFO         |   androidboot.serialno="EMULATOR36X1X9X0"
INFO         |   androidboot.vbmeta.digest="43d61dbc053c8dbf3adaff951e5bdfcf174ece9dd24ffe8e6120f951cb412b2a"
INFO         |   androidboot.vbmeta.hash_alg="sha256"
INFO         |   androidboot.vbmeta.size="6784"
INFO         |   androidboot.veritymode="enforcing"
DEBUG   | Found 1 DNS servers:
DEBUG   |       1.1.1.1
INFO         | Content of hardware configuration file:
INFO         |  hw.cpu.arch = x86_64
INFO         |  hw.cpu.ncore = 4
INFO         |  hw.ramSize = 2048
INFO         |  hw.screen = multi-touch
INFO         |  hw.mainKeys = false
INFO         |  hw.trackBall = false
INFO         |  hw.keyboard = true
INFO         |  hw.keyboard.lid = false
INFO         |  hw.keyboard.charmap = qwerty2
INFO         |  hw.dPad = false
INFO         |  hw.rotaryInput = false
INFO         |  hw.gsmModem = true
INFO         |  hw.gps = true
INFO         |  hw.battery = true
INFO         |  hw.accelerometer = true
INFO         |  hw.accelerometer_uncalibrated = true
INFO         |  hw.gyroscope = true
INFO         |  hw.audioInput = true
INFO         |  hw.audioOutput = true
INFO         |  hw.sdCard = true
INFO         |  hw.sdCard.path = C:\Users\Usu├írio\.android\avd\..\avd\Pixel_4.avd\sdcard.img
INFO         |  disk.cachePartition = true
INFO         |  disk.cachePartition.path = C:\Users\Usu├írio\.android\avd\..\avd\Pixel_4.avd\cache.img
INFO         |  disk.cachePartition.size = 66m
INFO         |  test.quitAfterBootTimeOut = -1
INFO         |  test.delayAdbTillBootComplete = 0
INFO         |  test.monitorAdb = 0
INFO         |  hw.lcd.width = 1080
INFO         |  hw.lcd.height = 2280
INFO         |  hw.lcd.depth = 16
INFO         |  hw.lcd.circular = false
INFO         |  hw.lcd.density = 440
INFO         |  hw.lcd.backlight = true
INFO         |  hw.lcd.vsync = 60
INFO         |  hw.gltransport = pipe
INFO         |  hw.gltransport.asg.writeBufferSize = 1048576
INFO         |  hw.gltransport.asg.writeStepSize = 4096
INFO         |  hw.gltransport.asg.dataRingSize = 32768
INFO         |  hw.gltransport.drawFlushInterval = 800
INFO         |  hw.displayRegion.0.1.xOffset = -1
INFO         |  hw.displayRegion.0.1.yOffset = -1
INFO         |  hw.displayRegion.0.1.width = 0
INFO         |  hw.displayRegion.0.1.height = 0
INFO         |  hw.displayRegion.0.2.xOffset = -1
INFO         |  hw.displayRegion.0.2.yOffset = -1
INFO         |  hw.displayRegion.0.2.width = 0
INFO         |  hw.displayRegion.0.2.height = 0
INFO         |  hw.displayRegion.0.3.xOffset = -1
INFO         |  hw.displayRegion.0.3.yOffset = -1
INFO         |  hw.displayRegion.0.3.width = 0
INFO         |  hw.displayRegion.0.3.height = 0
INFO         |  hw.display1.width = 0
INFO         |  hw.display1.height = 0
INFO         |  hw.display1.density = 0
INFO         |  hw.display1.xOffset = -1
INFO         |  hw.display1.yOffset = -1
INFO         |  hw.display1.flag = 0
INFO         |  hw.display2.width = 0
INFO         |  hw.display2.height = 0
INFO         |  hw.display2.density = 0
INFO         |  hw.display2.xOffset = -1
INFO         |  hw.display2.yOffset = -1
INFO         |  hw.display2.flag = 0
INFO         |  hw.display3.width = 0
INFO         |  hw.display3.height = 0
INFO         |  hw.display3.density = 0
INFO         |  hw.display3.xOffset = -1
INFO         |  hw.display3.yOffset = -1
INFO         |  hw.display3.flag = 0
INFO         |  hw.multi_display_window = false
INFO         |  hw.hotplug_multi_display = false
INFO         |  hw.gpu.enabled = true
INFO         |  hw.gpu.mode = host
INFO         |  hw.initialOrientation = portrait
INFO         |  hw.camera.back = virtualscene
INFO         |  hw.camera.front = emulated
INFO         |  vm.heapSize = 512
INFO         |  hw.sensors.light = true
INFO         |  hw.sensors.pressure = true
INFO         |  hw.sensors.humidity = true
INFO         |  hw.sensors.proximity = true
INFO         |  hw.sensors.magnetic_field = true
INFO         |  hw.sensors.magnetic_field_uncalibrated = true
INFO         |  hw.sensors.gyroscope_uncalibrated = true
INFO         |  hw.sensors.orientation = true
INFO         |  hw.sensors.temperature = true
INFO         |  hw.sensors.rgbclight = false
INFO         |  hw.sensor.hinge = false
INFO         |  hw.sensor.hinge.count = 0
INFO         |  hw.sensor.hinge.type = 0
INFO         |  hw.sensor.hinge.sub_type = 0
INFO         |  hw.sensor.hinge.resizable.config = 1
INFO         |  hw.sensor.hinge.fold_to_displayRegion.0.1_at_posture = 1
INFO         |  hw.sensor.roll = false
INFO         |  hw.sensor.roll.count = 0
INFO         |  hw.sensor.roll.resize_to_displayRegion.0.1_at_posture = 6
INFO         |  hw.sensor.roll.resize_to_displayRegion.0.2_at_posture = 6
INFO         |  hw.sensor.roll.resize_to_displayRegion.0.3_at_posture = 6
INFO         |  hw.sensors.heart_rate = false
INFO         |  hw.sensors.wrist_tilt = false
INFO         |  hw.sensors.heading = false
INFO         |  hw.useext4 = true
INFO         |  hw.arc = false
INFO         |  hw.arc.autologin = false
INFO         |  hw.device.name = pixel_4
INFO         |  kernel.path = C:\Android\system-images\android-36\google_apis_playstore\x86_64\\kernel-ranchu
INFO         |  kernel.newDeviceNaming = yes
INFO         |  kernel.supportsYaffs2 = no
INFO         |  disk.ramdisk.path = C:\Android\system-images\android-36\google_apis_playstore\x86_64\\ramdisk.img
INFO         |  disk.systemPartition.initPath = C:\Android\system-images\android-36\google_apis_playstore\x86_64\\system.img
INFO         |  disk.systemPartition.size = 2225m
INFO         |  disk.vendorPartition.initPath = C:\Android\system-images\android-36\google_apis_playstore\x86_64\\vendor.img
INFO         |  disk.vendorPartition.size = 800m
INFO         |  disk.dataPartition.path = C:\Users\Usu├írio\.android\avd\..\avd\Pixel_4.avd\userdata-qemu.img
INFO         |  disk.dataPartition.size = 6g
INFO         |  disk.encryptionKeyPartition.path = C:\Users\Usu├írio\.android\avd\..\avd\Pixel_4.avd\encryptionkey.img
INFO         |  PlayStore.enabled = true
INFO         |  avd.name = Pixel_4
INFO         |  avd.id = Pixel_4
INFO         |  fastboot.forceColdBoot = false
INFO         |  userdata.useQcow2 = true
INFO         |  firstboot.bootFromDownloadableSnapshot = true
INFO         |  firstboot.bootFromLocalSnapshot = true
INFO         |  firstboot.saveToLocalSnapshot = true
INFO         |  android.sdk.root = C:\Android
INFO         |  android.avd.home = C:\Users\Usu├írio\.android\avd
INFO         | .
INFO         | QEMU options list:
INFO         |   argv[00] = "C:\Android\emulator\qemu\windows-x86_64\qemu-system-x86_64.exe"
INFO         |   argv[01] = "-dns-server"
INFO         |   argv[02] = "1.1.1.1"
INFO         |   argv[03] = "-mem-path"
INFO         |   argv[04] = "C:\Users\Usu├írio\.android\avd\Pixel_4.avd\snapshots\default_boot\ram.img"
INFO         |   argv[05] = "-mem-file-shared"
INFO         |   argv[06] = "-serial"
INFO         |   argv[07] = "null"
INFO         |   argv[08] = "-device"
INFO         |   argv[09] = "goldfish_pstore,addr=0xff018000,size=0x10000,file=C:\Users\Usu├írio\.android\avd\..\avd\Pixel_4.avd\data\misc\pstore\pstore.bin"
INFO         |   argv[10] = "-cpu"
INFO         |   argv[11] = "android64"
INFO         |   argv[12] = "-enable-whpx"
INFO         |   argv[13] = "-smp"
INFO         |   argv[14] = "cores=4"
INFO         |   argv[15] = "-m"
INFO         |   argv[16] = "2048"
INFO         |   argv[17] = "-lcd-density"
INFO         |   argv[18] = "440"
INFO         |   argv[19] = "-nodefaults"
INFO         |   argv[20] = "-kernel"
INFO         |   argv[21] = "C:\Android\system-images\android-36\google_apis_playstore\x86_64\\kernel-ranchu"
INFO         |   argv[22] = "-initrd"
INFO         |   argv[23] = "C:\Users\Usu├írio\.android\avd\..\avd\Pixel_4.avd\initrd"
INFO         |   argv[24] = "-drive"
INFO         |   argv[25] = "if=none,index=0,id=system,if=none,file=C:\Android\system-images\android-36\google_apis_playstore\x86_64\\system.img,read-only"
INFO         |   argv[26] = "-device"
INFO         |   argv[27] = "virtio-blk-pci,drive=system,modern-pio-notify"
INFO         |   argv[28] = "-drive"
INFO         |   argv[29] = "if=none,index=1,id=cache,if=none,file=C:\Users\Usu├írio\.android\avd\..\avd\Pixel_4.avd\cache.img.qcow2,overlap-check=none,cache=unsafe,l2-cache-size=1048576"
INFO         |   argv[30] = "-device"
INFO         |   argv[31] = "virtio-blk-pci,drive=cache,modern-pio-notify"
INFO         |   argv[32] = "-drive"
INFO         |   argv[33] = "if=none,index=2,id=userdata,if=none,file=C:\Users\Usu├írio\.android\avd\..\avd\Pixel_4.avd\userdata-qemu.img.qcow2,overlap-check=none,cache=unsafe,l2-cache-size=1048576"
INFO         |   argv[34] = "-device"
INFO         |   argv[35] = "virtio-blk-pci,drive=userdata,modern-pio-notify"
INFO         |   argv[36] = "-drive"
INFO         |   argv[37] = "if=none,index=3,id=encrypt,if=none,file=C:\Users\Usu├írio\.android\avd\..\avd\Pixel_4.avd\encryptionkey.img.qcow2,overlap-check=none,cache=unsafe,l2-cache-size=1048576"
INFO         |   argv[38] = "-device"
INFO         |   argv[39] = "virtio-blk-pci,drive=encrypt,modern-pio-notify"
INFO         |   argv[40] = "-drive"
INFO         |   argv[41] = "if=none,index=4,id=vendor,if=none,file=C:\Android\system-images\android-36\google_apis_playstore\x86_64\\vendor.img,read-only"
INFO         |   argv[42] = "-device"
INFO         |   argv[43] = "virtio-blk-pci,drive=vendor,modern-pio-notify"
INFO         |   argv[44] = "-drive"
INFO         |   argv[45] = "if=none,index=5,id=sdcard,if=none,file=C:\Users\Usu├írio\.android\avd\..\avd\Pixel_4.avd\sdcard.img.qcow2,overlap-check=none,cache=unsafe,l2-cache-size=1048576"
INFO         |   argv[46] = "-device"
INFO         |   argv[47] = "virtio-blk-pci,drive=sdcard,modern-pio-notify"
INFO         |   argv[48] = "-netdev"
INFO         |   argv[49] = "user,id=mynet"
INFO         |   argv[50] = "-device"
INFO         |   argv[51] = "virtio-net-pci,netdev=mynet"
INFO         |   argv[52] = "-chardev"
INFO         |   argv[53] = "null,id=forhvc0"
INFO         |   argv[54] = "-chardev"
INFO         |   argv[55] = "null,id=forhvc1"
INFO         |   argv[56] = "-device"
INFO         |   argv[57] = "virtio-serial-pci,ioeventfd=off"
INFO         |   argv[58] = "-device"
INFO         |   argv[59] = "virtconsole,chardev=forhvc0"
INFO         |   argv[60] = "-device"
INFO         |   argv[61] = "virtconsole,chardev=forhvc1"
INFO         |   argv[62] = "-chardev"
INFO         |   argv[63] = "netsim,id=uwb"
INFO         |   argv[64] = "-device"
INFO         |   argv[65] = "virtconsole,chardev=uwb,name=uwb"
INFO         |   argv[66] = "-chardev"
INFO         |   argv[67] = "netsim,id=bluetooth"
INFO         |   argv[68] = "-device"
INFO         |   argv[69] = "virtserialport,chardev=bluetooth,name=bluetooth"
INFO         |   argv[70] = "-device"
INFO         |   argv[71] = "virtio-serial,ioeventfd=off"
INFO         |   argv[72] = "-chardev"
INFO         |   argv[73] = "socket,port=51324,host=::1,nowait,nodelay,reconnect=10,ipv6,id=modem"
INFO         |   argv[74] = "-device"
INFO         |   argv[75] = "virtserialport,chardev=modem,name=modem"
INFO         |   argv[76] = "-device"
INFO         |   argv[77] = "virtio-rng-pci"
INFO         |   argv[78] = "-show-cursor"
INFO         |   argv[79] = "-device"
INFO         |   argv[80] = "virtio_input_multi_touch_pci_1"
INFO         |   argv[81] = "-device"
INFO         |   argv[82] = "virtio_input_multi_touch_pci_2"
INFO         |   argv[83] = "-device"
INFO         |   argv[84] = "virtio_input_multi_touch_pci_3"
INFO         |   argv[85] = "-device"
INFO         |   argv[86] = "virtio_input_multi_touch_pci_4"
INFO         |   argv[87] = "-device"
INFO         |   argv[88] = "virtio_input_multi_touch_pci_5"
INFO         |   argv[89] = "-device"
INFO         |   argv[90] = "virtio_input_multi_touch_pci_6"
INFO         |   argv[91] = "-device"
INFO         |   argv[92] = "virtio_input_multi_touch_pci_7"
INFO         |   argv[93] = "-device"
INFO         |   argv[94] = "virtio_input_multi_touch_pci_8"
INFO         |   argv[95] = "-device"
INFO         |   argv[96] = "virtio_input_multi_touch_pci_9"
INFO         |   argv[97] = "-device"
INFO         |   argv[98] = "virtio_input_multi_touch_pci_10"
INFO         |   argv[99] = "-device"
INFO         |   argv[100] = "virtio_input_multi_touch_pci_11"
INFO         |   argv[101] = "-device"
INFO         |   argv[102] = "virtio-keyboard-pci"
INFO         |   argv[103] = "-netdev"
INFO         |   argv[104] = "user,id=virtio-wifi,dhcpstart=10.0.2.16"
INFO         |   argv[105] = "-device"
INFO         |   argv[106] = "virtio-wifi-pci,netdev=virtio-wifi"
INFO         |   argv[107] = "-device"
INFO         |   argv[108] = "virtio-vsock-pci,guest-cid=77"
INFO         |   argv[109] = "-L"
INFO         |   argv[110] = "C:\Android\emulator/lib/pc-bios"
INFO         |   argv[111] = "-soundhw"
INFO         |   argv[112] = "virtio-snd-pci"
INFO         |   argv[113] = "-vga"
INFO         |   argv[114] = "none"
INFO         |   argv[115] = "-append"
INFO         |   argv[116] = "8250.nr_uarts=1 clocksource=pit no_timer_check console=0 loop.max_part=7 ramoops.mem_address=0xff018000 ramoops.mem_size=0x10000 memmap=0x10000$0xff018000 printk.devkmsg=on bootconfig"
INFO         |   argv[117] = "-android-hw"
INFO         |   argv[118] = "C:\Users\Usu├írio\.android\avd\..\avd\Pixel_4.avd\hardware-qemu.ini"
INFO         | Concatenated QEMU options: C:\Android\emulator\qemu\windows-x86_64\qemu-system-x86_64.exe -dns-server 1.1.1.1 -mem-path C:\Users\Usu├írio\.android\avd\Pixel_4.avd\snapshots\default_boot\ram.img -mem-file-shared -serial null -device goldfish_pstore,addr=0xff018000,size=0x10000,file=C:\Users\Usu├írio\.android\avd\..\avd\Pixel_4.avd\data\misc\pstore\pstore.bin -cpu android64 -enable-whpx -smp cores=4 -m 2048 -lcd-density 440 -nodefaults -kernel C:\Android\system-images\android-36\google_apis_playstore\x86_64\\kernel-ranchu -initrd C:\Users\Usu├írio\.android\avd\..\avd\Pixel_4.avd\initrd -drive if=none,index=0,id=system,if=none,file=C:\Android\system-images\android-36\google_apis_playstore\x86_64\\system.img,read-only -device virtio-blk-pci,drive=system,modern-pio-notify -drive if=none,index=1,id=cache,if=none,file=C:\Users\Usu├írio\.android\avd\..\avd\Pixel_4.avd\cache.img.qcow2,overlap-check=none,cache=unsafe,l2-cache-size=1048576 -device virtio-blk-pci,drive=cache,modern-pio-notify -drive if=none,index=2,id=userdata,if=none,file=C:\Users\Usu├írio\.android\avd\..\avd\Pixel_4.avd\userdata-qemu.img.qcow2,overlap-check=none,cache=unsafe,l2-cache-size=1048576 -device virtio-blk-pci,drive=userdata,modern-pio-notify -drive if=none,index=3,id=encrypt,if=none,file=C:\Users\Usu├írio\.android\avd\..\avd\Pixel_4.avd\encryptionkey.img.qcow2,overlap-check=none,cache=unsafe,l2-cache-size=1048576 -device virtio-blk-pci,drive=encrypt,modern-pio-notify -drive if=none,index=4,id=vendor,if=none,file=C:\Android\system-images\android-36\google_apis_playstore\x86_64\\vendor.img,read-only -device virtio-blk-pci,drive=vendor,modern-pio-notify -drive if=none,index=5,id=sdcard,if=none,file=C:\Users\Usu├írio\.android\avd\..\avd\Pixel_4.avd\sdcard.img.qcow2,overlap-check=none,cache=unsafe,l2-cache-size=1048576 -device virtio-blk-pci,drive=sdcard,modern-pio-notify -netdev user,id=mynet -device virtio-net-pci,netdev=mynet -chardev null,id=forhvc0 -chardev null,id=forhvc1 -device virtio-serial-pci,ioeventfd=off -device virtconsole,chardev=forhvc0 -device virtconsole,chardev=forhvc1 -chardev netsim,id=uwb -device virtconsole,chardev=uwb,name=uwb -chardev netsim,id=bluetooth -device virtserialport,chardev=bluetooth,name=bluetooth -device virtio-serial,ioeventfd=off -chardev socket,port=51324,host=::1,nowait,nodelay,reconnect=10,ipv6,id=modem -device virtserialport,chardev=modem,name=modem -device virtio-rng-pci -show-cursor -device virtio_input_multi_touch_pci_1 -device virtio_input_multi_touch_pci_2 -device virtio_input_multi_touch_pci_3 -device virtio_input_multi_touch_pci_4 -device virtio_input_multi_touch_pci_5 -device virtio_input_multi_touch_pci_6 -device virtio_input_multi_touch_pci_7 -device virtio_input_multi_touch_pci_8 -device virtio_input_multi_touch_pci_9 -device virtio_input_multi_touch_pci_10 -device virtio_input_multi_touch_pci_11 -device virtio-keyboard-pci -netdev user,id=virtio-wifi,dhcpstart=10.0.2.16 -device virtio-wifi-pci,netdev=virtio-wifi -device virtio-vsock-pci,guest-cid=77 -L C:\Android\emulator/lib/pc-bios -soundhw virtio-snd-pci -vga none -append "8250.nr_uarts=1 clocksource=pit no_timer_check console=0 loop.max_part=7 ramoops.mem_address=0xff018000 ramoops.mem_size=0x10000 memmap=0x10000$0xff018000 printk.devkmsg=on bootconfig" -android-hw C:\Users\Usu├írio\.android\avd\..\avd\Pixel_4.avd\hardware-qemu.ini
DEBUG   | Android qemu version 36.1.9.0 (build_id 13823996) (CL:N/A)
DEBUG   | Starting QEMU main loop
DEBUG   | android_fopen: Failed to open /qemu.conf, err: 2
DEBUG   | registered 'boot-properties' qemud service
DEBUG   | Adding boot property: 'ro.opengles.version' = '196609'
DEBUG   | Adding boot property: 'qemu.sf.fake_camera' = 'front'
DEBUG   | Adding boot property: 'qemu.adb.secure' = '1'
DEBUG   | Adding boot property: 'dalvik.vm.heapsize' = '512m'
DEBUG   | Adding boot property: 'qemu.hw.mainkeys' = '0'
DEBUG   | Adding boot property: 'qemu.sf.lcd_density' = '440'
WHPX on Windows 10.0.26200 detected.
Windows Hypervisor Platform accelerator is operational
netsimd I 10-18 21:06:52.978 daemon\src\rust_main.rs:100 - netsim artifacts path: "C:\\Users\\USURIO~1\\AppData\\Local\\Temp\\netsimd"
netsimd I 10-18 21:06:52.979 daemon\src\rust_main.rs:103 - NetsimdArgs {
    fd_startup_str: None,
    no_cli_ui: true,
    no_web_ui: true,
    pcap: false,
    disable_address_reuse: false,
    hci_port: None,
    connector_instance: None,
    instance: None,
    logtostderr: false,
    dev: false,
    forward_host_mdns: false,
    vsock: None,
    config: None,
    host_dns: Some(
        "1.1.1.1",
    ),
    http_proxy: None,
    wifi_tap: None,
    wifi: None,
    test_beacons: false,
    no_test_beacons: false,
    no_shutdown: false,
    verbose: false,
    version: false,
    rssi: None,
}
DEBUG   | control console listening on port 5554, ADB on port 5555
DEBUG   | goldfish_events.have-dpad: false
DEBUG   | goldfish_events.have-trackball: false
DEBUG   | goldfish_events.have-camera: true
DEBUG   | goldfish_events.have-keyboard: false
DEBUG   | goldfish_events.have-lidswitch: false
DEBUG   | goldfish_events.have-tabletmode: false
DEBUG   | goldfish_events.have-touch: false
DEBUG   | goldfish_events.have-multitouch: false
DEBUG   | Adding boot property: 'net.wifi_mac_prefix' = '5554'
INFO         | Monitoring duration of emulator setup.
DEBUG   | Adding boot property: 'qemu.timezone' = 'Unknown/Unknown'
DEBUG   | android_hw_fingerprint_init: fingerprint qemud listen service initialized
WARNING      | The emulator now requires a signed jwt token for gRPC access! Use the -grpc flag if you really want an open unprotected grpc port
INFO         | Using security allow list from: C:\Android\emulator\lib\emulator_access.json
WARNING      | *** Basic token auth should only be used by android-studio ***
INFO         | The active JSON Web Key Sets can be found here: C:\Users\Usuário\AppData\Local\Temp\avd\running\14332\jwks\9e69d59a-3d5c-478d-9aa1-3fc2892fa1d8\active.jwk
INFO         | Scanning C:\Users\Usuário\AppData\Local\Temp\avd\running\14332\jwks\9e69d59a-3d5c-478d-9aa1-3fc2892fa1d8 for jwk keys.
INFO         | Started GRPC server at 127.0.0.1:8554, security: Local, auth: +token
INFO         | Advertising in: C:\Users\Usuário\AppData\Local\Temp\avd\running\pid_14332.ini
DEBUG   | Successfully initialized Wi-Fi
DEBUG   | emulator_window_fb_rotate
DEBUG   | CMD_SET_DISPLAY_CONFIGS
INFO         | Setting display: 0 configuration to: 1080x2280, dpi: 440x440
DEBUG   | CMD_SET_DISPLAY_ACTIVE_CONFIG
DEBUG   | setDisplayPose 0 x 0 y 0 w 1080 h 2280 dpi 0
INFO         | setDisplayActiveConfig 0
DEBUG   | Adjusting window size by 0.36x for hw_lcd_density
DEBUG   |  no root specified:
DEBUG   | Path:C:\Android\platform-tools\adb.exe protocol version: 41
DEBUG   | Found: 1 adb executables
DEBUG   | Adb: C:\Android\platform-tools\adb.exe
DEBUG   | Path:C:\Android\platform-tools\adb.exe protocol version: 41
INFO         | Checking system compatibility:
INFO         |   Checking: hasCompatibleHypervisor
INFO         |      Ok: Hypervisor compatibility to run avd: `Pixel_4` are met
INFO         |   Checking: hasSufficientSystem
INFO         |      Ok: System requirements to run avd: `Pixel_4` are met
INFO         |   Checking: hasSufficientHwGpu
INFO         |      Ok: Hardware GPU requirements to run avd: `Pixel_4` are passed
INFO         |   Checking: hasSufficientDiskSpace
INFO         |      Ok: Disk space requirements to run avd: `Pixel_4` are met
DEBUG   | Sending CMD_REPAINT to reposting thread
DEBUG   | Sending CMD_REPAINT to reposting thread
DEBUG   | Reposting thread dequeueing a CMD_REPAINT
DEBUG   | CMD_REPAINT
DEBUG   | Reposting framebuffer.
DEBUG   | No repost: no last posted color buffer
DEBUG   | Reposting thread dequeueing a CMD_REPAINT
DEBUG   | CMD_REPAINT
DEBUG   | Reposting framebuffer.
DEBUG   | No repost: no last posted color buffer
DEBUG   | CMD_SETUP_SUBWINDOW: parent=000000000001073E wx=15 wy=50 ww=375 wh=792 fbw=375 fbh=792 dpr=1.000000 rotation=0.000000
DEBUG   | Begin setupSubWindow
DEBUG   | config multidisplay with config.ini 0x0 0x0 0x0
DEBUG   | No acpi ini file provided, using default
DEBUG   | Exit setupSubWindow (successful setup)
DEBUG   | added one RIL client
DEBUG   | Crash info: hw.gpu.enabled=yes
DEBUG   | Crash info: hw.cpu.ncore=4
DEBUG   | Crash info: avd_space=0
INFO         | OpenGL Vendor=[Google (Intel)]
DEBUG   | Crash info: disk.dataPartition.size=6G
INFO         | OpenGL Renderer=[Android Emulator OpenGL ES Translator (Intel(R) UHD Graphics 620)]
DEBUG   | Crash info: hw.sensor.hinge=?
INFO         | OpenGL Version=[OpenGL ES 3.0 (4.5.0 - Build 31.0.101.2135)]
DEBUG   | Crash info: hw.gpu.mode=auto
DEBUG   | Crash info: hw.lcd.height=2280
DEBUG   | Window was not fully visible: monitor=[0,0,1920,1080] window=[100,100,408,864]
DEBUG   | Crash info: hw.ramSize=2048
DEBUG   | Crash info: hw.lcd.width=1080
DEBUG   | Crash info: PlayStore.enabled=true
DEBUG   | Window repositioned to [371,-709]
DEBUG   | Crash info: cpu_cores=8
DEBUG   | Crash info: free_ram=4948
DEBUG   | Crash info: ro.build.fingerprint=??
DEBUG   | Crash info: sessionId=7c348fce-1ac0-468e-a902-7c3b4dee5dc8
INFO         | Loading snapshot 'default_boot'...
DEBUG   | emulator window was out of view and was recentered
DEBUG   | CMD_SETUP_SUBWINDOW: parent=000000000001073E wx=15 wy=50 ww=375 wh=792 fbw=375 fbh=792 dpr=1.000000 rotation=0.000000
WARNING      | Device 'cache' does not have the requested snapshot 'default_boot'

WARNING      | Failed to load snapshot 'default_boot'
DEBUG   | Begin setupSubWindow
DEBUG   | Exit setupSubWindow (nothing to do)
DEBUG   | call repost from subWindowRepaint callback
DEBUG   | Reposting framebuffer.
DEBUG   | No repost: no last posted color buffer
DEBUG   | CMD_SETUP_SUBWINDOW: parent=000000000001073E wx=15 wy=50 ww=375 wh=792 fbw=375 fbh=792 dpr=1.500000 rotation=0.000000
DEBUG   | Begin setupSubWindow
DEBUG   | Exit setupSubWindow (successful setup)
DEBUG   | CMD_SETUP_SUBWINDOW: parent=000000000001073E wx=15 wy=50 ww=375 wh=792 fbw=375 fbh=792 dpr=1.500000 rotation=0.000000
DEBUG   | Begin setupSubWindow
DEBUG   | Exit setupSubWindow (nothing to do)
DEBUG   | CMD_SETUP_SUBWINDOW: parent=000000000001073E wx=15 wy=50 ww=375 wh=792 fbw=375 fbh=792 dpr=1.500000 rotation=0.000000
DEBUG   | Begin setupSubWindow
DEBUG   | Exit setupSubWindow (nothing to do)
DEBUG   | call repost from subWindowRepaint callback
DEBUG   | Reposting framebuffer.
DEBUG   | No repost: no last posted color buffer
WARNING      | adb command 'C:\Android\platform-tools\adb.exe -s emulator-5554 shell am start-foreground-service -e meter on com.android.emulator.radio.config/.MeterService ' failed: 'adb.exe: device offline'
DEBUG   | Sending CMD_REPAINT to reposting thread
DEBUG   | Reposting thread dequeueing a CMD_REPAINT
DEBUG   | CMD_REPAINT
DEBUG   | Reposting framebuffer.
DEBUG   | No repost: no last posted color buffer
DEBUG   | call repost from subWindowRepaint callback
DEBUG   | Reposting framebuffer.
DEBUG   | No repost: no last posted color buffer
DEBUG   | CMD_SETUP_SUBWINDOW: parent=000000000001073E wx=15 wy=50 ww=375 wh=792 fbw=375 fbh=792 dpr=1.500000 rotation=0.000000
DEBUG   | Begin setupSubWindow
DEBUG   | Exit setupSubWindow (nothing to do)
DEBUG   | CMD_SETUP_SUBWINDOW: parent=000000000001073E wx=15 wy=50 ww=375 wh=792 fbw=375 fbh=792 dpr=1.500000 rotation=0.000000
DEBUG   | Begin setupSubWindow
DEBUG   | Exit setupSubWindow (nothing to do)
DEBUG   | No acpi ini file provided, using default
DEBUG   | Sending CMD_REPAINT to reposting thread
DEBUG   | Reposting thread dequeueing a CMD_REPAINT
DEBUG   | CMD_REPAINT
DEBUG   | Reposting framebuffer.
DEBUG   | No repost: no last posted color buffer
DEBUG   | CMD_SETUP_SUBWINDOW: parent=000000000001073E wx=15 wy=50 ww=375 wh=792 fbw=375 fbh=792 dpr=1.500000 rotation=0.000000
DEBUG   | Begin setupSubWindow
DEBUG   | Exit setupSubWindow (nothing to do)
DEBUG   | CMD_SETUP_SUBWINDOW: parent=000000000001073E wx=15 wy=50 ww=375 wh=792 fbw=375 fbh=792 dpr=1.500000 rotation=0.000000
DEBUG   | Begin setupSubWindow
DEBUG   | Exit setupSubWindow (nothing to do)
WARNING      | (metrics) failed to open a new log file
WARNING      | (metrics) No active log file during write(), event lost:
event_time_ms: 1760821613782
source_extension: "\0205\032$7c348fce-1ac0-468e-a902-7c3b4dee5dc8\"!\010\002\022\01736.1.9-13823996\032\01036.1.9.0(\0020\000\272\001\217\004\010\002\020\221\017\030\257\005(\365\0358$@\001P\001b?\n\005Intel\022\031Intel(R) UHD Graphics 620\032\0334.5.0 - Build 31.0.101.2135j-\n\0048086\022\031Intel(R) UHD Graphics 620\032\0043ea0\"\000*\0002\000p\006z\0062.12.0\200\001\001\222\001\232\001\020$\030\002 \324\201\320\307\006*Ogoogle/sdk_gphone64_x86_64/emu64xa:16/BE2A.250530.026.D1/13818094:user/dev-keys0\313\322\377\303\0068\003B\017\010\001\020\001\030\200\310\342\t \221\367\252\306\006B\020\010\002\020\001\030\200\200\300\330\010 \222\367\252\306\006B\016\010\003\020\001\030\350\255t \222\367\252\306\006H\002P\017\232\001\316\001\010\001\010\016\010\021\010\022\010\023\010\026\010\031\010\032\010\034\010!\0109\010+\010:\010A\010B\010D\010_\010e\010f\010t\010\003\010\004\010\005\010\006\010\013\010\014\010,\010\"\010$\010/\0100\0101\0104\0106\0108\010<\010@\010C\010K\010H\010L\010T\010S\010V\010W\010Y\010h\010i\010m\010p \001 \016 \021 \022 \023 \026 \031 \032 \034 ! 9 + : A B D _ e f t \003 \004 \005 \006 \' \007 \013 \014 , \" $ / 0 1 4 6 8 < @ C K H L T S V W Y ^ h i m p\240\001\005\272\001\000\250\002\214J\260\002\374o\270\002\001\332\001K\n\005INTEL\020\000\030\000 @(\0140\0168\006@\000H\010P\000Z(Intel(R) Core(TM) i7-8665U CPU @ 1.90GHzb\006x86_64"

WARNING      | (metrics) failed to open a new log file
WARNING      | (metrics) No active log file during write(), event lost:
event_time_ms: 1760821615025
source_extension: "\020/\032$7c348fce-1ac0-468e-a902-7c3b4dee5dc8\"\035\010\002\022\01736.1.9-13823996\032\01036.1.9.0\272\001\033\020\246\035\030\240\n(\320\'z\0062.12.0\252\001\007\010\010\032\0030\221N"

INFO         | Activated packet streamer for bluetooth emulation
INFO         | Activated packet streamer for uwb emulation